POSTGRES_HOST = '127.0.0.1'
POSTGRES_PORT = 5432
POSTGRES_USER = 'app'
POSTGRES_DB = 'production'
REDIS_HOST = '127.0.0.1'
REDIS_PORT = 6379
GET_PASSWORD_SCRIPT = '/workspace/get_password.sh'
GET_PASSWORD_TIMEOUT_SECONDS = 3
INTER_UPDATE_SLEEP_SECONDS = 10
ROTATOR_AUDIT_LOG = '/var/log/rotator/rotator.log'
DRIVER_AUDIT_LOG = '/var/log/driver/driver.log'
DRIVER_OUTPUT_JSON = '/tmp/driver_output.json'
TARGET_ROWS = [
    'b1000000-0000-4000-8000-000000000001',
    'b2000000-0000-4000-8000-000000000002',
    'b3000000-0000-4000-8000-000000000003',
    'b4000000-0000-4000-8000-000000000004',
]
MIN_DISTINCT_PASSWORDS = 3
MIN_ROTATIONS_WITHIN_HORIZON = 3
